******************************************************************************
                  TI ARM Linker PC v18.12.4                    
******************************************************************************
>> Linked Wed Feb 24 10:37:52 2021

OUTPUT FILE NAME:   <Test_Timer.out>
ENTRY POINT SYMBOL: "_c_int00"  address: 0000dd7c


MEMORY CONFIGURATION

         name            origin    length      used     unused   attr    fill
----------------------  --------  ---------  --------  --------  ----  --------
  VECTORS               00000000   00000020  00000020  00000000     X
  KERNEL                00000020   00008000  00005cc0  00002340  R  X
  FLASH0                00008020   00057fe0  00006cd0  00051310  R  X
  STACKS                08000000   00000800  00000000  00000800  RW  
  KRAM                  08000800   00000800  00000140  000006c0  RW  
  RAM                   08001000   00007000  0000202c  00004fd4  RW  


SEGMENT ALLOCATION MAP

run origin  load origin   length   init length attrs members
----------  ----------- ---------- ----------- ----- -------
00000000    00000000    00005ce0   00005ce0    r-x
  00000000    00000000    00000020   00000020    r-x .intvecs
  00000020    00000020    00005c70   00005c70    r-x .kernelTEXT
  00005c90    00005c90    00000050   00000050    r-- .cinit
00008020    00008020    00006cd0   00006cd0    r-x
  00008020    00008020    00006b50   00006b50    r-x .text
  0000eb70    0000eb70    00000180   00000180    r-- .const
08000800    08000800    00000140   00000000    rw-
  08000800    08000800    00000140   00000000    rw- .kernelBSS
08001000    08001000    0000202c   00000000    rw-
  08001000    08001000    00002000   00000000    rw- .kernelHEAP
  08003000    08003000    0000001c   00000000    rw- .data
  0800301c    0800301c    00000010   00000000    rw- .bss


SECTION ALLOCATION MAP

 output                                  attributes/
section   page    origin      length       input sections
--------  ----  ----------  ----------   ----------------
.intvecs   0    00000000    00000020     
                  00000000    00000020     sys_intvecs.obj (.intvecs)

.kernelTEXT 
*          0    00000020    00005c70     
                  00000020    00002c4c     os_tasks.obj (.kernelTEXT)
                  00002c6c    0000126c     os_queue.obj (.kernelTEXT)
                  00003ed8    00000ab0     os_timer.obj (.kernelTEXT)
                  00004988    0000081c     os_event_groups.obj (.kernelTEXT)
                  000051a4    000003bc     os_port.obj (.kernelTEXT)
                  00005560    000003b0     os_portasm.obj (.kernelTEXT)
                  00005910    00000380     os_heap.obj (.kernelTEXT)

.cinit     0    00005c90    00000050     
                  00005c90    0000000c     (__TI_handler_table)
                  00005c9c    0000000b     (.cinit..data.load) [load image, compression = lzss]
                  00005ca7    00000009     (.cinit..kernelBSS.load) [load image, compression = lzss]
                  00005cb0    00000008     (.cinit..bss.load) [load image, compression = zero_init]
                  00005cb8    00000008     (.cinit..kernelHEAP.load) [load image, compression = zero_init]
                  00005cc0    00000020     (__TI_cinit_table)

.text      0    00008020    00006b50     
                  00008020    000024f0     sys_selftest.obj (.text)
                  0000a510    00000bbc     os_mpu_wrappers.obj (.text)
                  0000b0cc    00000aa0     system.obj (.text)
                  0000bb6c    0000089c     sys_vim.obj (.text)
                  0000c408    00000664     errata_SSWF021_45.obj (.text)
                  0000ca6c    000005bc     esm.obj (.text)
                  0000d028    0000036c     gio.obj (.text)
                  0000d394    000002d0     sys_core.obj (.text)
                  0000d664    00000278     os_heap.obj (.text)
                  0000d8dc    00000268     sys_vim.obj (.text:retain)
                  0000db44    00000238     os_list.obj (.text)
                  0000dd7c    0000021c     sys_startup.obj (.text:retain)
                  0000df98    000001b4     os_port.obj (.text)
                  0000e14c    00000180     rtsv7R4_A_be_eabi.lib : memcpy32.asm.obj (.text)
                  0000e2cc    00000164     os_tasks.obj (.text)
                  0000e430    00000150     pinmux.obj (.text)
                  0000e580    000000ec     esm.obj (.text:retain)
                  0000e66c    000000e8     dabort.obj (.text)
                  0000e754    000000e0     sys_pmu.obj (.text)
                  0000e834    000000d4     sys_main.obj (.text)
                  0000e908    000000b0     rtsv7R4_A_be_eabi.lib : memset32.asm.obj (.text)
                  0000e9b8    00000090                           : copy_decompress_lzss.c.obj (.text:decompress:lzss:__TI_decompress_lzss)
                  0000ea48    0000006c     notification.obj (.text)
                  0000eab4    00000068     rtsv7R4_A_be_eabi.lib : autoinit.c.obj (.text:__TI_auto_init_nobinit_nopinit:__TI_auto_init_nobinit_nopinit)
                  0000eb1c    00000020                           : strlen.c.obj (.text:strlen)
                  0000eb3c    00000014                           : copy_decompress_none.c.obj (.text:decompress:none:__TI_decompress_none)
                  0000eb50    00000010                           : copy_zero_init.c.obj (.text:decompress:ZI:__TI_zero_init)
                  0000eb60    00000008                           : exit.c.obj (.text:abort:abort)
                  0000eb68    00000004     sys_phantom.obj (.text:retain)
                  0000eb6c    00000004     sys_startup.obj (.text)

.const     0    0000eb70    00000180     
                  0000eb70    00000180     sys_vim.obj (.const:s_vim_init)

.kernelBSS 
*          0    08000800    00000140     UNINITIALIZED
                  08000800    000000d0     os_tasks.obj (.kernelBSS:uninit)
                  080008d0    00000034     os_tasks.obj (.kernelBSS:init)
                  08000904    00000030     os_timer.obj (.kernelBSS:uninit)
                  08000934    0000000c     os_timer.obj (.kernelBSS:init)

.kernelHEAP 
*          0    08001000    00002000     UNINITIALIZED
                  08001000    00002000     os_heap.obj (.kernelHEAP)

.data      0    08003000    0000001c     UNINITIALIZED
                  08003000    00000010     os_heap.obj (.data)
                  08003010    00000008     os_port.obj (.data)
                  08003018    00000004     sys_main.obj (.data)

.bss       0    0800301c    00000010     UNINITIALIZED
                  0800301c    00000008     os_heap.obj (.bss:xStart)
                  08003024    00000004     (.common:xTask1Handle)
                  08003028    00000004     (.common:xTimer1)

MODULE SUMMARY

       Module                       code    ro data   rw data
       ------                       ----    -------   -------
    .\source\
       os_tasks.obj                 11696   0         260    
       os_heap.obj                  1528    0         8216   
       sys_selftest.obj             9456    0         0      
       os_queue.obj                 4716    0         0      
       sys_vim.obj                  2820    384       0      
       os_mpu_wrappers.obj          3004    0         0      
       os_timer.obj                 2736    0         60     
       system.obj                   2720    0         0      
       os_event_groups.obj          2076    0         0      
       esm.obj                      1704    0         0      
       errata_SSWF021_45.obj        1636    0         0      
       os_port.obj                  1392    0         8      
       os_portasm.obj               944     0         0      
       gio.obj                      876     0         0      
       sys_core.obj                 720     0         0      
       os_list.obj                  568     0         0      
       sys_startup.obj              544     0         0      
       pinmux.obj                   336     0         0      
       dabort.obj                   232     0         0      
       sys_main.obj                 212     0         12     
       sys_pmu.obj                  224     0         0      
       notification.obj             108     0         0      
       sys_intvecs.obj              32      0         0      
       sys_phantom.obj              4       0         0      
    +--+----------------------------+-------+---------+---------+
       Total:                       50284   384       8556   
                                                             
    C:\ti\ccs930\ccs\tools\compiler\ti-cgt-arm_18.12.4.LTS\lib\rtsv7R4_A_be_eabi.lib
       memcpy32.asm.obj             384     0         0      
       memset32.asm.obj             176     0         0      
       copy_decompress_lzss.c.obj   144     0         0      
       autoinit.c.obj               104     0         0      
       strlen.c.obj                 32      0         0      
       copy_decompress_none.c.obj   20      0         0      
       copy_zero_init.c.obj         16      0         0      
       exit.c.obj                   8       0         0      
    +--+----------------------------+-------+---------+---------+
       Total:                       884     0         0      
                                                             
       Linker Generated:            0       80        0      
    +--+----------------------------+-------+---------+---------+
       Grand Total:                 51168   464       8556   


LINKER GENERATED COPY TABLES

__TI_cinit_table @ 00005cc0 records: 4, size/record: 8, table size: 32
	.data: load addr=00005c9c, load size=0000000b bytes, run addr=08003000, run size=0000001c bytes, compression=lzss
	.kernelBSS: load addr=00005ca7, load size=00000009 bytes, run addr=08000800, run size=00000140 bytes, compression=lzss
	.bss: load addr=00005cb0, load size=00000008 bytes, run addr=0800301c, run size=00000010 bytes, compression=zero_init
	.kernelHEAP: load addr=00005cb8, load size=00000008 bytes, run addr=08001000, run size=00002000 bytes, compression=zero_init


LINKER GENERATED HANDLER TABLE

__TI_handler_table @ 00005c90 records: 3, size/record: 4, table size: 12
	index: 0, handler: __TI_decompress_lzss
	index: 1, handler: __TI_decompress_none
	index: 2, handler: __TI_zero_init


GLOBAL SYMBOLS: SORTED ALPHABETICALLY BY Name 

address   name                                  
-------   ----                                  
0000eb60  C$$EXIT                               
0000a6e0  MPU_eTaskGetState                     
0000a848  MPU_pcTaskGetName                     
0000ae44  MPU_pcTimerGetName                    
0000a928  MPU_pvTaskGetThreadLocalStoragePointer
0000ad7c  MPU_pvTimerGetTimerID                 
0000aa40  MPU_ulTaskNotifyTake                  
0000abfc  MPU_uxQueueMessagesWaiting            
0000ac30  MPU_uxQueueSpacesAvailable            
0000a81c  MPU_uxTaskGetNumberOfTasks            
0000a8b0  MPU_uxTaskGetStackHighWaterMark       
0000a6ac  MPU_uxTaskPriorityGet                 
0000b0a0  MPU_vEventGroupDelete                 
0000ac64  MPU_vQueueDelete                      
0000a5b8  MPU_vTaskAllocateMPURegions           
0000a618  MPU_vTaskDelay                        
0000a644  MPU_vTaskDelayUntil                   
0000a5ec  MPU_vTaskDelete                       
0000a714  MPU_vTaskPrioritySet                  
0000a774  MPU_vTaskResume                       
0000a8e4  MPU_vTaskSetThreadLocalStoragePointer 
0000aab8  MPU_vTaskSetTimeOutState              
0000a748  MPU_vTaskSuspend                      
0000a7a0  MPU_vTaskSuspendAll                   
0000adb0  MPU_vTimerSetTimerID                  
0000afc4  MPU_xEventGroupClearBits              
0000af3c  MPU_xEventGroupCreate                 
0000b008  MPU_xEventGroupSetBits                
0000b04c  MPU_xEventGroupSync                   
0000af68  MPU_xEventGroupWaitBits               
0000ac90  MPU_xQueueGenericCreate               
0000aba8  MPU_xQueueGenericReceive              
0000acdc  MPU_xQueueGenericReset                
0000ab54  MPU_xQueueGenericSend                 
0000a678  MPU_xTaskAbortDelay                   
0000aae4  MPU_xTaskCheckForTimeOut              
0000a510  MPU_xTaskCreate                       
0000a574  MPU_xTaskCreateRestricted             
0000a998  MPU_xTaskGenericNotify                
0000a87c  MPU_xTaskGetHandle                    
0000a96c  MPU_xTaskGetIdleTaskHandle            
0000ab28  MPU_xTaskGetSchedulerState            
0000a7f0  MPU_xTaskGetTickCount                 
0000aa84  MPU_xTaskNotifyStateClear             
0000a9ec  MPU_xTaskNotifyWait                   
0000a7c4  MPU_xTaskResumeAll                    
0000ad20  MPU_xTimerCreate                      
0000aee0  MPU_xTimerGenericCommand              
0000aeac  MPU_xTimerGetExpiryTime               
0000ae78  MPU_xTimerGetPeriod                   
0000ae18  MPU_xTimerGetTimerDaemonTaskHandle    
0000ade4  MPU_xTimerIsTimerActive               
UNDEFED   SHT$$INIT_ARRAY$$Base                 
UNDEFED   SHT$$INIT_ARRAY$$Limit                
00005cc0  __TI_CINIT_Base                       
00005ce0  __TI_CINIT_Limit                      
00005c90  __TI_Handler_Table_Base               
00005c9c  __TI_Handler_Table_Limit              
0000d65c  __TI_PINIT_Base                       
0000d660  __TI_PINIT_Limit                      
0000eab4  __TI_auto_init_nobinit_nopinit        
0000e9b8  __TI_decompress_lzss                  
0000eb3c  __TI_decompress_none                  
ffffffff  __TI_pprof_out_hndl                   
ffffffff  __TI_prof_data_size                   
ffffffff  __TI_prof_data_start                  
00000000  __TI_static_base__                    
0000eb50  __TI_zero_init                        
0000e908  __aeabi_memclr                        
0000e908  __aeabi_memclr4                       
0000e908  __aeabi_memclr8                       
0000e14c  __aeabi_memcpy                        
0000e14c  __aeabi_memcpy4                       
0000e14c  __aeabi_memcpy8                       
0000e90c  __aeabi_memset                        
0000e90c  __aeabi_memset4                       
0000e90c  __aeabi_memset8                       
ffffffff  __binit__                             
ffffffff  __c_args__                            
0000dd7c  _c_int00                              
0000d584  _coreClearAuxiliaryDataFault_         
0000d598  _coreClearAuxiliaryInstructionFault_  
0000d55c  _coreClearDataFaultAddress_           
0000d534  _coreClearDataFault_                  
0000d570  _coreClearInstructionFaultAddress_    
0000d548  _coreClearInstructionFault_           
0000d4c8  _coreDisableEventBusExport_           
0000d50c  _coreDisableFlashEcc_                 
0000d4e8  _coreDisableRamEcc_                   
0000d4b8  _coreEnableEventBusExport_            
0000d4f8  _coreEnableFlashEcc_                  
0000d51c  _coreEnableIrqVicOffset_              
0000d4d8  _coreEnableRamEcc_                    
0000d57c  _coreGetAuxiliaryDataFault_           
0000d590  _coreGetAuxiliaryInstructionFault_    
0000d554  _coreGetDataFaultAddress_             
0000d52c  _coreGetDataFault_                    
0000d568  _coreGetInstructionFaultAddress_      
0000d540  _coreGetInstructionFault_             
0000d394  _coreInitRegisters_                   
0000d44c  _coreInitStackPointer_                
0000e66c  _dabort                               
0000d5ac  _disable_FIQ_interrupt_               
0000d5b4  _disable_IRQ_interrupt_               
0000d5a4  _disable_interrupt_                   
0000d5bc  _enable_interrupt_                    
0000d64c  _errata_CORTEXR4_66_                  
0000c408  _errata_SSWF021_45_both_plls          
0000c5fc  _errata_SSWF021_45_pll1               
0000c774  _errata_SSWF021_45_pll2               
0000d5c4  _esmCcmErrorsClear_                   
0000d498  _getCPSRValue_                        
0000d4a0  _gotoCPUIdle_                         
0000e7b0  _pmuDisableCountersGlobal_            
0000e7a0  _pmuEnableCountersGlobal_             
0000e80c  _pmuGetCycleCount_                    
0000e814  _pmuGetEventCount_                    
0000e820  _pmuGetOverflow_                      
0000e754  _pmuInit_                             
0000e7e0  _pmuResetCounters_                    
0000e7c0  _pmuResetCycleCounter_                
0000e7d0  _pmuResetEventCounters_               
0000e800  _pmuSetCountEvent_                    
0000e7f0  _pmuStartCounters_                    
0000e7f8  _pmuStopCounters_                     
UNDEFED   _system_post_cinit                    
0000eb60  abort                                 
00009004  adc1ParityCheck                       
ffffffff  binit                                 
000090bc  can1ParityCheck                       
00009198  can2ParityCheck                       
00008030  ccmSelfCheck                          
0000a034  ccmr4GetConfigValue                   
00008938  checkB0RAMECC                         
00008b28  checkB1RAMECC                         
00009604  checkClockMonitor                     
00008d18  checkFlashECC                         
000096d8  checkFlashEEPROMECC                   
00009880  checkPLL1Slip                         
0000999c  checkRAMAddrParity                    
000093bc  checkRAMECC                           
00009aa4  checkRAMUERRTest                      
000087bc  checkefcSelfTest                      
00008234  cpuSelfTest                           
00008dfc  cpuSelfTestFail                       
0000baac  customTrimLPO                         
00008df4  custom_dabort                         
0000a424  disableParity                         
00001f90  eTaskConfirmSleepModeStatus           
00000890  eTaskGetState                         
00008660  efcCheck                              
00009f98  efcGetConfigValue                     
00008794  efcSelfTest                           
000086e8  efcStuckZeroTest                      
0000a3d0  enableParity                          
0000a0b0  errata_PBIST_4                        
0000cbf0  esmActivateNormalOperation            
0000ccc4  esmClearStatus                        
0000cd04  esmClearStatusBuffer                  
0000cbb8  esmDisableError                       
0000cc28  esmDisableInterrupt                   
0000cb90  esmEnableError                        
0000cc00  esmEnableInterrupt                    
0000cdfc  esmEnterSelfTest                      
0000cb74  esmError                              
0000ced4  esmGetConfigValue                     
0000cd40  esmGetStatus                          
0000cdc4  esmGetStatusBuffer                    
0000ea48  esmGroup1Notification                 
0000ea58  esmGroup2Notification                 
0000e580  esmHighInterrupt                      
0000ca6c  esmInit                               
0000ce84  esmSelfTestStatus                     
0000cd20  esmSetCounterPreloadValue             
0000cc50  esmSetInterruptLevel                  
0000cbe0  esmTriggerErrorPinReset               
00009c00  fmcBus1ParityCheck                    
0000885c  fmcBus2Check                          
00008898  fmcECCcheck                           
0000d220  gioDisableNotification                
0000d1e4  gioEnableNotification                 
0000d14c  gioGetBit                             
0000d25c  gioGetConfigValue                     
0000d174  gioGetPort                            
0000d028  gioInit                               
0000eaa0  gioNotification                       
0000d0dc  gioSetBit                             
0000d0bc  gioSetDirection                       
0000d12c  gioSetPort                            
0000d18c  gioToggleBit                          
0000eb6c  handlePLLLockFail                     
00008eac  het1ParityCheck                       
00008f4c  htu1ParityCheck                       
08003018  i                                     
0000e868  main                                  
0000b224  mapClocks                             
0000e14c  memcpy                                
00008174  memoryInit                            
0000ea68  memoryPort0TestFailNotification       
0000ea84  memoryPort1TestFailNotification       
0000e918  memset                                
00009260  mibspi1ParityCheck                    
0000e430  muxInit                               
00009d2c  pbistFail                             
00009db0  pbistGetConfigValue                   
000085a8  pbistIsTestCompleted                  
000085d4  pbistIsTestPassed                     
00008608  pbistPortTestStatus                   
000084ac  pbistRun                              
000082cc  pbistSelfCheck                        
00008578  pbistStop                             
00001368  pcTaskGetName                         
000041b4  pcTimerGetName                        
0000b1d0  periphInit                            
0000eb68  phantomInterrupt                      
0000e4b8  pinmuxGetConfigValue                  
000058e8  prvMpuDisable                         
000058d0  prvMpuEnable                          
000058b8  prvMpuSetRegion                       
00005910  pvPortMalloc                          
00002068  pvTaskGetThreadLocalStoragePointer    
000048e8  pvTimerGetTimerID                     
080008d0  pxCurrentTCB                          
000051a4  pxPortInitialiseStack                 
00000000  resetEntry                            
00008020  selftestFailNotification              
0000b190  setupFlash                            
0000b0cc  setupPLL                              
0000b970  sramGetConfigValue                    
00009ef8  stcGetConfigValue                     
000081b8  stcSelfCheck                          
00008df8  stcSelfCheckFail                      
0000eb1c  strlen                                
0000b404  systemGetConfigValue                  
0000b308  systemInit                            
0000b3d4  systemPowerDown                       
0000b7c4  tcmflashGetConfigValue                
0000b11c  trimLPO                               
08003010  ulCriticalNesting                     
000057f4  ulPortCountLeadingZeros               
08003014  ulTaskHasFPUContext                   
00002400  ulTaskNotifyTake                      
0000dcf0  uxListRemove                          
00003980  uxQueueMessagesWaiting                
00003a04  uxQueueMessagesWaitingFromISR         
000039b8  uxQueueSpacesAvailable                
0000135c  uxTaskGetNumberOfTasks                
000022ac  uxTaskGetStackHighWaterMark           
00000994  uxTaskPriorityGet                     
000009d8  uxTaskPriorityGetFromISR              
000023c4  uxTaskResetEventItemValue             
0000511c  vEventGroupClearBitsCallback          
0000507c  vEventGroupDelete                     
00005100  vEventGroupSetBitsCallback            
0000db44  vListInitialise                       
0000db9c  vListInitialiseItem                   
0000dc2c  vListInsert                           
0000dbb8  vListInsertEnd                        
0000552c  vPortEndScheduler                     
00005b68  vPortFree                             
00005c78  vPortInitialiseBlocks                 
00005734  vPortPreemptiveTick                   
000057fc  vPortSWI                              
00005564  vPortStartFirstTask                   
00005294  vPortStoreTaskMPUSettings             
00005680  vPortYeildWithinAPI                   
000055d4  vPortYieldProcessor                   
00003a34  vQueueDelete                          
00003e48  vQueueWaitForMessageRestricted        
0000e854  vTaskALL                              
000020d4  vTaskAllocateMPURegions               
0000080c  vTaskDelay                            
000006a0  vTaskDelayUntil                       
00000538  vTaskDelete                           
00001098  vTaskEndScheduler                     
00001f78  vTaskMissedYield                      
000029c4  vTaskNotifyGiveFromISR                
00001ae4  vTaskPlaceOnEventList                 
00001bac  vTaskPlaceOnEventListRestricted       
00001b28  vTaskPlaceOnUnorderedEventList        
00000a20  vTaskPrioritySet                      
00000e20  vTaskResume                           
00002010  vTaskSetThreadLocalStoragePointer     
00001e00  vTaskSetTimeOutState                  
00000fec  vTaskStartScheduler                   
00001680  vTaskStepTick                         
00000c18  vTaskSuspend                          
000010b4  vTaskSuspendAll                       
00001a04  vTaskSwitchContext                    
0000e834  vTimerFunction                        
00004928  vTimerSetTimerID                      
0000bc40  vimChannelMap                         
0000be3c  vimDisableInterrupt                   
0000bce4  vimEnableInterrupt                    
0000bec0  vimGetConfigValue                     
0000bb6c  vimInit                               
00008e00  vimParityCheck                        
0000d8dc  vimParityErrorHandler                 
00004e18  xEventGroupClearBits                  
00004988  xEventGroupCreate                     
00004e9c  xEventGroupGetBitsFromISR             
00004ecc  xEventGroupSetBits                    
000049c4  xEventGroupSync                       
00004bc4  xEventGroupWaitBits                   
00005c60  xPortGetFreeHeapSize                  
00005c6c  xPortGetMinimumEverFreeHeapSize       
00005508  xPortStartScheduler                   
00002d94  xQueueGenericCreate                   
0000346c  xQueueGenericReceive                  
00002c6c  xQueueGenericReset                    
00002eb0  xQueueGenericSend                     
00003170  xQueueGenericSendFromISR              
00003300  xQueueGiveFromISR                     
00003d6c  xQueueIsQueueEmptyFromISR             
00003df8  xQueueIsQueueFullFromISR              
0000388c  xQueuePeekFromISR                     
00003744  xQueueReceiveFromISR                  
08003024  xTask1Handle                          
000016dc  xTaskAbortDelay                       
00001e40  xTaskCheckForTimeOut                  
000000fc  xTaskCreate                           
00000020  xTaskCreateRestricted                 
000025f0  xTaskGenericNotify                    
000027c4  xTaskGenericNotifyFromISR             
00001540  xTaskGetHandle                        
00001648  xTaskGetIdleTaskHandle                
00002374  xTaskGetSchedulerState                
0000131c  xTaskGetTickCount                     
00001338  xTaskGetTickCountFromISR              
000017dc  xTaskIncrementTick                    
0000e3b4  xTaskNotifyStateClear                 
000024d8  xTaskNotifyWait                       
00001c08  xTaskRemoveFromEventList              
00001cfc  xTaskRemoveFromUnorderedEventList     
0000116c  xTaskResumeAll                        
00000f04  xTaskResumeFromISR                    
08003028  xTimer1                               
00003f3c  xTimerCreate                          
00003ed8  xTimerCreateTimerTask                 
00004038  xTimerGenericCommand                  
0000417c  xTimerGetExpiryTime                   
0000414c  xTimerGetPeriod                       
00004114  xTimerGetTimerDaemonTaskHandle        
00004878  xTimerIsTimerActive                   


GLOBAL SYMBOLS: SORTED BY Symbol Address 

address   name                                  
-------   ----                                  
00000000  __TI_static_base__                    
00000000  resetEntry                            
00000020  xTaskCreateRestricted                 
000000fc  xTaskCreate                           
00000538  vTaskDelete                           
000006a0  vTaskDelayUntil                       
0000080c  vTaskDelay                            
00000890  eTaskGetState                         
00000994  uxTaskPriorityGet                     
000009d8  uxTaskPriorityGetFromISR              
00000a20  vTaskPrioritySet                      
00000c18  vTaskSuspend                          
00000e20  vTaskResume                           
00000f04  xTaskResumeFromISR                    
00000fec  vTaskStartScheduler                   
00001098  vTaskEndScheduler                     
000010b4  vTaskSuspendAll                       
0000116c  xTaskResumeAll                        
0000131c  xTaskGetTickCount                     
00001338  xTaskGetTickCountFromISR              
0000135c  uxTaskGetNumberOfTasks                
00001368  pcTaskGetName                         
00001540  xTaskGetHandle                        
00001648  xTaskGetIdleTaskHandle                
00001680  vTaskStepTick                         
000016dc  xTaskAbortDelay                       
000017dc  xTaskIncrementTick                    
00001a04  vTaskSwitchContext                    
00001ae4  vTaskPlaceOnEventList                 
00001b28  vTaskPlaceOnUnorderedEventList        
00001bac  vTaskPlaceOnEventListRestricted       
00001c08  xTaskRemoveFromEventList              
00001cfc  xTaskRemoveFromUnorderedEventList     
00001e00  vTaskSetTimeOutState                  
00001e40  xTaskCheckForTimeOut                  
00001f78  vTaskMissedYield                      
00001f90  eTaskConfirmSleepModeStatus           
00002010  vTaskSetThreadLocalStoragePointer     
00002068  pvTaskGetThreadLocalStoragePointer    
000020d4  vTaskAllocateMPURegions               
000022ac  uxTaskGetStackHighWaterMark           
00002374  xTaskGetSchedulerState                
000023c4  uxTaskResetEventItemValue             
00002400  ulTaskNotifyTake                      
000024d8  xTaskNotifyWait                       
000025f0  xTaskGenericNotify                    
000027c4  xTaskGenericNotifyFromISR             
000029c4  vTaskNotifyGiveFromISR                
00002c6c  xQueueGenericReset                    
00002d94  xQueueGenericCreate                   
00002eb0  xQueueGenericSend                     
00003170  xQueueGenericSendFromISR              
00003300  xQueueGiveFromISR                     
0000346c  xQueueGenericReceive                  
00003744  xQueueReceiveFromISR                  
0000388c  xQueuePeekFromISR                     
00003980  uxQueueMessagesWaiting                
000039b8  uxQueueSpacesAvailable                
00003a04  uxQueueMessagesWaitingFromISR         
00003a34  vQueueDelete                          
00003d6c  xQueueIsQueueEmptyFromISR             
00003df8  xQueueIsQueueFullFromISR              
00003e48  vQueueWaitForMessageRestricted        
00003ed8  xTimerCreateTimerTask                 
00003f3c  xTimerCreate                          
00004038  xTimerGenericCommand                  
00004114  xTimerGetTimerDaemonTaskHandle        
0000414c  xTimerGetPeriod                       
0000417c  xTimerGetExpiryTime                   
000041b4  pcTimerGetName                        
00004878  xTimerIsTimerActive                   
000048e8  pvTimerGetTimerID                     
00004928  vTimerSetTimerID                      
00004988  xEventGroupCreate                     
000049c4  xEventGroupSync                       
00004bc4  xEventGroupWaitBits                   
00004e18  xEventGroupClearBits                  
00004e9c  xEventGroupGetBitsFromISR             
00004ecc  xEventGroupSetBits                    
0000507c  vEventGroupDelete                     
00005100  vEventGroupSetBitsCallback            
0000511c  vEventGroupClearBitsCallback          
000051a4  pxPortInitialiseStack                 
00005294  vPortStoreTaskMPUSettings             
00005508  xPortStartScheduler                   
0000552c  vPortEndScheduler                     
00005564  vPortStartFirstTask                   
000055d4  vPortYieldProcessor                   
00005680  vPortYeildWithinAPI                   
00005734  vPortPreemptiveTick                   
000057f4  ulPortCountLeadingZeros               
000057fc  vPortSWI                              
000058b8  prvMpuSetRegion                       
000058d0  prvMpuEnable                          
000058e8  prvMpuDisable                         
00005910  pvPortMalloc                          
00005b68  vPortFree                             
00005c60  xPortGetFreeHeapSize                  
00005c6c  xPortGetMinimumEverFreeHeapSize       
00005c78  vPortInitialiseBlocks                 
00005c90  __TI_Handler_Table_Base               
00005c9c  __TI_Handler_Table_Limit              
00005cc0  __TI_CINIT_Base                       
00005ce0  __TI_CINIT_Limit                      
00008020  selftestFailNotification              
00008030  ccmSelfCheck                          
00008174  memoryInit                            
000081b8  stcSelfCheck                          
00008234  cpuSelfTest                           
000082cc  pbistSelfCheck                        
000084ac  pbistRun                              
00008578  pbistStop                             
000085a8  pbistIsTestCompleted                  
000085d4  pbistIsTestPassed                     
00008608  pbistPortTestStatus                   
00008660  efcCheck                              
000086e8  efcStuckZeroTest                      
00008794  efcSelfTest                           
000087bc  checkefcSelfTest                      
0000885c  fmcBus2Check                          
00008898  fmcECCcheck                           
00008938  checkB0RAMECC                         
00008b28  checkB1RAMECC                         
00008d18  checkFlashECC                         
00008df4  custom_dabort                         
00008df8  stcSelfCheckFail                      
00008dfc  cpuSelfTestFail                       
00008e00  vimParityCheck                        
00008eac  het1ParityCheck                       
00008f4c  htu1ParityCheck                       
00009004  adc1ParityCheck                       
000090bc  can1ParityCheck                       
00009198  can2ParityCheck                       
00009260  mibspi1ParityCheck                    
000093bc  checkRAMECC                           
00009604  checkClockMonitor                     
000096d8  checkFlashEEPROMECC                   
00009880  checkPLL1Slip                         
0000999c  checkRAMAddrParity                    
00009aa4  checkRAMUERRTest                      
00009c00  fmcBus1ParityCheck                    
00009d2c  pbistFail                             
00009db0  pbistGetConfigValue                   
00009ef8  stcGetConfigValue                     
00009f98  efcGetConfigValue                     
0000a034  ccmr4GetConfigValue                   
0000a0b0  errata_PBIST_4                        
0000a3d0  enableParity                          
0000a424  disableParity                         
0000a510  MPU_xTaskCreate                       
0000a574  MPU_xTaskCreateRestricted             
0000a5b8  MPU_vTaskAllocateMPURegions           
0000a5ec  MPU_vTaskDelete                       
0000a618  MPU_vTaskDelay                        
0000a644  MPU_vTaskDelayUntil                   
0000a678  MPU_xTaskAbortDelay                   
0000a6ac  MPU_uxTaskPriorityGet                 
0000a6e0  MPU_eTaskGetState                     
0000a714  MPU_vTaskPrioritySet                  
0000a748  MPU_vTaskSuspend                      
0000a774  MPU_vTaskResume                       
0000a7a0  MPU_vTaskSuspendAll                   
0000a7c4  MPU_xTaskResumeAll                    
0000a7f0  MPU_xTaskGetTickCount                 
0000a81c  MPU_uxTaskGetNumberOfTasks            
0000a848  MPU_pcTaskGetName                     
0000a87c  MPU_xTaskGetHandle                    
0000a8b0  MPU_uxTaskGetStackHighWaterMark       
0000a8e4  MPU_vTaskSetThreadLocalStoragePointer 
0000a928  MPU_pvTaskGetThreadLocalStoragePointer
0000a96c  MPU_xTaskGetIdleTaskHandle            
0000a998  MPU_xTaskGenericNotify                
0000a9ec  MPU_xTaskNotifyWait                   
0000aa40  MPU_ulTaskNotifyTake                  
0000aa84  MPU_xTaskNotifyStateClear             
0000aab8  MPU_vTaskSetTimeOutState              
0000aae4  MPU_xTaskCheckForTimeOut              
0000ab28  MPU_xTaskGetSchedulerState            
0000ab54  MPU_xQueueGenericSend                 
0000aba8  MPU_xQueueGenericReceive              
0000abfc  MPU_uxQueueMessagesWaiting            
0000ac30  MPU_uxQueueSpacesAvailable            
0000ac64  MPU_vQueueDelete                      
0000ac90  MPU_xQueueGenericCreate               
0000acdc  MPU_xQueueGenericReset                
0000ad20  MPU_xTimerCreate                      
0000ad7c  MPU_pvTimerGetTimerID                 
0000adb0  MPU_vTimerSetTimerID                  
0000ade4  MPU_xTimerIsTimerActive               
0000ae18  MPU_xTimerGetTimerDaemonTaskHandle    
0000ae44  MPU_pcTimerGetName                    
0000ae78  MPU_xTimerGetPeriod                   
0000aeac  MPU_xTimerGetExpiryTime               
0000aee0  MPU_xTimerGenericCommand              
0000af3c  MPU_xEventGroupCreate                 
0000af68  MPU_xEventGroupWaitBits               
0000afc4  MPU_xEventGroupClearBits              
0000b008  MPU_xEventGroupSetBits                
0000b04c  MPU_xEventGroupSync                   
0000b0a0  MPU_vEventGroupDelete                 
0000b0cc  setupPLL                              
0000b11c  trimLPO                               
0000b190  setupFlash                            
0000b1d0  periphInit                            
0000b224  mapClocks                             
0000b308  systemInit                            
0000b3d4  systemPowerDown                       
0000b404  systemGetConfigValue                  
0000b7c4  tcmflashGetConfigValue                
0000b970  sramGetConfigValue                    
0000baac  customTrimLPO                         
0000bb6c  vimInit                               
0000bc40  vimChannelMap                         
0000bce4  vimEnableInterrupt                    
0000be3c  vimDisableInterrupt                   
0000bec0  vimGetConfigValue                     
0000c408  _errata_SSWF021_45_both_plls          
0000c5fc  _errata_SSWF021_45_pll1               
0000c774  _errata_SSWF021_45_pll2               
0000ca6c  esmInit                               
0000cb74  esmError                              
0000cb90  esmEnableError                        
0000cbb8  esmDisableError                       
0000cbe0  esmTriggerErrorPinReset               
0000cbf0  esmActivateNormalOperation            
0000cc00  esmEnableInterrupt                    
0000cc28  esmDisableInterrupt                   
0000cc50  esmSetInterruptLevel                  
0000ccc4  esmClearStatus                        
0000cd04  esmClearStatusBuffer                  
0000cd20  esmSetCounterPreloadValue             
0000cd40  esmGetStatus                          
0000cdc4  esmGetStatusBuffer                    
0000cdfc  esmEnterSelfTest                      
0000ce84  esmSelfTestStatus                     
0000ced4  esmGetConfigValue                     
0000d028  gioInit                               
0000d0bc  gioSetDirection                       
0000d0dc  gioSetBit                             
0000d12c  gioSetPort                            
0000d14c  gioGetBit                             
0000d174  gioGetPort                            
0000d18c  gioToggleBit                          
0000d1e4  gioEnableNotification                 
0000d220  gioDisableNotification                
0000d25c  gioGetConfigValue                     
0000d394  _coreInitRegisters_                   
0000d44c  _coreInitStackPointer_                
0000d498  _getCPSRValue_                        
0000d4a0  _gotoCPUIdle_                         
0000d4b8  _coreEnableEventBusExport_            
0000d4c8  _coreDisableEventBusExport_           
0000d4d8  _coreEnableRamEcc_                    
0000d4e8  _coreDisableRamEcc_                   
0000d4f8  _coreEnableFlashEcc_                  
0000d50c  _coreDisableFlashEcc_                 
0000d51c  _coreEnableIrqVicOffset_              
0000d52c  _coreGetDataFault_                    
0000d534  _coreClearDataFault_                  
0000d540  _coreGetInstructionFault_             
0000d548  _coreClearInstructionFault_           
0000d554  _coreGetDataFaultAddress_             
0000d55c  _coreClearDataFaultAddress_           
0000d568  _coreGetInstructionFaultAddress_      
0000d570  _coreClearInstructionFaultAddress_    
0000d57c  _coreGetAuxiliaryDataFault_           
0000d584  _coreClearAuxiliaryDataFault_         
0000d590  _coreGetAuxiliaryInstructionFault_    
0000d598  _coreClearAuxiliaryInstructionFault_  
0000d5a4  _disable_interrupt_                   
0000d5ac  _disable_FIQ_interrupt_               
0000d5b4  _disable_IRQ_interrupt_               
0000d5bc  _enable_interrupt_                    
0000d5c4  _esmCcmErrorsClear_                   
0000d64c  _errata_CORTEXR4_66_                  
0000d65c  __TI_PINIT_Base                       
0000d660  __TI_PINIT_Limit                      
0000d8dc  vimParityErrorHandler                 
0000db44  vListInitialise                       
0000db9c  vListInitialiseItem                   
0000dbb8  vListInsertEnd                        
0000dc2c  vListInsert                           
0000dcf0  uxListRemove                          
0000dd7c  _c_int00                              
0000e14c  __aeabi_memcpy                        
0000e14c  __aeabi_memcpy4                       
0000e14c  __aeabi_memcpy8                       
0000e14c  memcpy                                
0000e3b4  xTaskNotifyStateClear                 
0000e430  muxInit                               
0000e4b8  pinmuxGetConfigValue                  
0000e580  esmHighInterrupt                      
0000e66c  _dabort                               
0000e754  _pmuInit_                             
0000e7a0  _pmuEnableCountersGlobal_             
0000e7b0  _pmuDisableCountersGlobal_            
0000e7c0  _pmuResetCycleCounter_                
0000e7d0  _pmuResetEventCounters_               
0000e7e0  _pmuResetCounters_                    
0000e7f0  _pmuStartCounters_                    
0000e7f8  _pmuStopCounters_                     
0000e800  _pmuSetCountEvent_                    
0000e80c  _pmuGetCycleCount_                    
0000e814  _pmuGetEventCount_                    
0000e820  _pmuGetOverflow_                      
0000e834  vTimerFunction                        
0000e854  vTaskALL                              
0000e868  main                                  
0000e908  __aeabi_memclr                        
0000e908  __aeabi_memclr4                       
0000e908  __aeabi_memclr8                       
0000e90c  __aeabi_memset                        
0000e90c  __aeabi_memset4                       
0000e90c  __aeabi_memset8                       
0000e918  memset                                
0000e9b8  __TI_decompress_lzss                  
0000ea48  esmGroup1Notification                 
0000ea58  esmGroup2Notification                 
0000ea68  memoryPort0TestFailNotification       
0000ea84  memoryPort1TestFailNotification       
0000eaa0  gioNotification                       
0000eab4  __TI_auto_init_nobinit_nopinit        
0000eb1c  strlen                                
0000eb3c  __TI_decompress_none                  
0000eb50  __TI_zero_init                        
0000eb60  C$$EXIT                               
0000eb60  abort                                 
0000eb68  phantomInterrupt                      
0000eb6c  handlePLLLockFail                     
080008d0  pxCurrentTCB                          
08003010  ulCriticalNesting                     
08003014  ulTaskHasFPUContext                   
08003018  i                                     
08003024  xTask1Handle                          
08003028  xTimer1                               
ffffffff  __TI_pprof_out_hndl                   
ffffffff  __TI_prof_data_size                   
ffffffff  __TI_prof_data_start                  
ffffffff  __binit__                             
ffffffff  __c_args__                            
ffffffff  binit                                 
UNDEFED   SHT$$INIT_ARRAY$$Base                 
UNDEFED   SHT$$INIT_ARRAY$$Limit                
UNDEFED   _system_post_cinit                    

[344 symbols]
